// Jest Snapshot v1, https://goo.gl/fbAQLP

exports[`renders LatestsAlbumsList without crashing 1`] = `
ShallowWrapper {
  Symbol(enzyme.__root__): [Circular],
  Symbol(enzyme.__unrendered__): <LatestsAlbumsList />,
  Symbol(enzyme.__renderer__): Object {
    "batchedUpdates": [Function],
    "checkPropTypes": [Function],
    "getNode": [Function],
    "render": [Function],
    "simulateError": [Function],
    "simulateEvent": [Function],
    "unmount": [Function],
  },
  Symbol(enzyme.__node__): Object {
    "instance": null,
    "key": undefined,
    "nodeType": "function",
    "props": Object {
      "children": <Table
        hover={true}
        responsive={true}
        responsiveTag="div"
        role="table"
        tag="table"
      >
        <thead>
          <tr>
            <th
              aria-label="Album"
            >
              Album
            </th>
            <th
              aria-label="Artistas"
            >
              Artistas
            </th>
            <th
              aria-label="Lançamento"
            >
              Lançamento
            </th>
          </tr>
        </thead>
        <tbody />
      </Table>,
    },
    "ref": null,
    "rendered": Object {
      "instance": null,
      "key": undefined,
      "nodeType": "function",
      "props": Object {
        "children": Array [
          <thead>
            <tr>
              <th
                aria-label="Album"
              >
                Album
              </th>
              <th
                aria-label="Artistas"
              >
                Artistas
              </th>
              <th
                aria-label="Lançamento"
              >
                Lançamento
              </th>
            </tr>
          </thead>,
          <tbody />,
        ],
        "hover": true,
        "responsive": true,
        "responsiveTag": "div",
        "role": "table",
        "tag": "table",
      },
      "ref": null,
      "rendered": Array [
        Object {
          "instance": null,
          "key": undefined,
          "nodeType": "host",
          "props": Object {
            "children": <tr>
              <th
                aria-label="Album"
              >
                Album
              </th>
              <th
                aria-label="Artistas"
              >
                Artistas
              </th>
              <th
                aria-label="Lançamento"
              >
                Lançamento
              </th>
            </tr>,
          },
          "ref": null,
          "rendered": Object {
            "instance": null,
            "key": undefined,
            "nodeType": "host",
            "props": Object {
              "children": Array [
                <th
                  aria-label="Album"
                >
                  Album
                </th>,
                <th
                  aria-label="Artistas"
                >
                  Artistas
                </th>,
                <th
                  aria-label="Lançamento"
                >
                  Lançamento
                </th>,
              ],
            },
            "ref": null,
            "rendered": Array [
              Object {
                "instance": null,
                "key": undefined,
                "nodeType": "host",
                "props": Object {
                  "aria-label": "Album",
                  "children": "Album",
                },
                "ref": null,
                "rendered": "Album",
                "type": "th",
              },
              Object {
                "instance": null,
                "key": undefined,
                "nodeType": "host",
                "props": Object {
                  "aria-label": "Artistas",
                  "children": "Artistas",
                },
                "ref": null,
                "rendered": "Artistas",
                "type": "th",
              },
              Object {
                "instance": null,
                "key": undefined,
                "nodeType": "host",
                "props": Object {
                  "aria-label": "Lançamento",
                  "children": "Lançamento",
                },
                "ref": null,
                "rendered": "Lançamento",
                "type": "th",
              },
            ],
            "type": "tr",
          },
          "type": "thead",
        },
        Object {
          "instance": null,
          "key": undefined,
          "nodeType": "host",
          "props": Object {
            "children": undefined,
          },
          "ref": null,
          "rendered": null,
          "type": "tbody",
        },
      ],
      "type": [Function],
    },
    "type": Symbol(react.fragment),
  },
  Symbol(enzyme.__nodes__): Array [
    Object {
      "instance": null,
      "key": undefined,
      "nodeType": "function",
      "props": Object {
        "children": <Table
          hover={true}
          responsive={true}
          responsiveTag="div"
          role="table"
          tag="table"
        >
          <thead>
            <tr>
              <th
                aria-label="Album"
              >
                Album
              </th>
              <th
                aria-label="Artistas"
              >
                Artistas
              </th>
              <th
                aria-label="Lançamento"
              >
                Lançamento
              </th>
            </tr>
          </thead>
          <tbody />
        </Table>,
      },
      "ref": null,
      "rendered": Object {
        "instance": null,
        "key": undefined,
        "nodeType": "function",
        "props": Object {
          "children": Array [
            <thead>
              <tr>
                <th
                  aria-label="Album"
                >
                  Album
                </th>
                <th
                  aria-label="Artistas"
                >
                  Artistas
                </th>
                <th
                  aria-label="Lançamento"
                >
                  Lançamento
                </th>
              </tr>
            </thead>,
            <tbody />,
          ],
          "hover": true,
          "responsive": true,
          "responsiveTag": "div",
          "role": "table",
          "tag": "table",
        },
        "ref": null,
        "rendered": Array [
          Object {
            "instance": null,
            "key": undefined,
            "nodeType": "host",
            "props": Object {
              "children": <tr>
                <th
                  aria-label="Album"
                >
                  Album
                </th>
                <th
                  aria-label="Artistas"
                >
                  Artistas
                </th>
                <th
                  aria-label="Lançamento"
                >
                  Lançamento
                </th>
              </tr>,
            },
            "ref": null,
            "rendered": Object {
              "instance": null,
              "key": undefined,
              "nodeType": "host",
              "props": Object {
                "children": Array [
                  <th
                    aria-label="Album"
                  >
                    Album
                  </th>,
                  <th
                    aria-label="Artistas"
                  >
                    Artistas
                  </th>,
                  <th
                    aria-label="Lançamento"
                  >
                    Lançamento
                  </th>,
                ],
              },
              "ref": null,
              "rendered": Array [
                Object {
                  "instance": null,
                  "key": undefined,
                  "nodeType": "host",
                  "props": Object {
                    "aria-label": "Album",
                    "children": "Album",
                  },
                  "ref": null,
                  "rendered": "Album",
                  "type": "th",
                },
                Object {
                  "instance": null,
                  "key": undefined,
                  "nodeType": "host",
                  "props": Object {
                    "aria-label": "Artistas",
                    "children": "Artistas",
                  },
                  "ref": null,
                  "rendered": "Artistas",
                  "type": "th",
                },
                Object {
                  "instance": null,
                  "key": undefined,
                  "nodeType": "host",
                  "props": Object {
                    "aria-label": "Lançamento",
                    "children": "Lançamento",
                  },
                  "ref": null,
                  "rendered": "Lançamento",
                  "type": "th",
                },
              ],
              "type": "tr",
            },
            "type": "thead",
          },
          Object {
            "instance": null,
            "key": undefined,
            "nodeType": "host",
            "props": Object {
              "children": undefined,
            },
            "ref": null,
            "rendered": null,
            "type": "tbody",
          },
        ],
        "type": [Function],
      },
      "type": Symbol(react.fragment),
    },
  ],
  Symbol(enzyme.__options__): Object {
    "adapter": ReactSixteenAdapter {
      "options": Object {
        "enableComponentDidUpdateOnSetState": true,
        "legacyContextMode": "parent",
        "lifecycles": Object {
          "componentDidUpdate": Object {
            "onSetState": true,
          },
          "getChildContext": Object {
            "calledByRenderer": false,
          },
          "getDerivedStateFromProps": true,
          "getSnapshotBeforeUpdate": true,
          "setState": Object {
            "skipsComponentDidUpdateOnNullish": true,
          },
        },
      },
    },
  },
}
`;
